// Validating benchmarks:
// ***** BenchmarkRunner: Start   *****
// ***** Found 2 benchmark(s) in total *****
// ***** Building 1 exe(s) in Parallel: Start   *****
// start dotnet  restore --nodeReuse:false /p:UseSharedCompilation=false /p:Deterministic=true /p:Optimize=true /p:ArtifactsPath="/home/os/GitHub/grid-influence/benchmarks/bin/Release/net10.0/GiBenchmarks-Jit-1/" /p:OutDir="/home/os/GitHub/grid-influence/benchmarks/bin/Release/net10.0/GiBenchmarks-Jit-1/bin/Release/net10.0/" /p:OutputPath="/home/os/GitHub/grid-influence/benchmarks/bin/Release/net10.0/GiBenchmarks-Jit-1/bin/Release/net10.0/" /p:PublishDir="/home/os/GitHub/grid-influence/benchmarks/bin/Release/net10.0/GiBenchmarks-Jit-1/publish/" in /home/os/GitHub/grid-influence/benchmarks/bin/Release/net10.0/GiBenchmarks-Jit-1
// command took 1.01 sec and exited with 0
// start dotnet  build -c Release --no-restore --nodeReuse:false /p:UseSharedCompilation=false /p:Deterministic=true /p:Optimize=true /p:ArtifactsPath="/home/os/GitHub/grid-influence/benchmarks/bin/Release/net10.0/GiBenchmarks-Jit-1/" /p:OutDir="/home/os/GitHub/grid-influence/benchmarks/bin/Release/net10.0/GiBenchmarks-Jit-1/bin/Release/net10.0/" /p:OutputPath="/home/os/GitHub/grid-influence/benchmarks/bin/Release/net10.0/GiBenchmarks-Jit-1/bin/Release/net10.0/" /p:PublishDir="/home/os/GitHub/grid-influence/benchmarks/bin/Release/net10.0/GiBenchmarks-Jit-1/publish/" --output "/home/os/GitHub/grid-influence/benchmarks/bin/Release/net10.0/GiBenchmarks-Jit-1/bin/Release/net10.0/" in /home/os/GitHub/grid-influence/benchmarks/bin/Release/net10.0/GiBenchmarks-Jit-1
// command took 5.42 sec and exited with 0
// ***** Done, took 00:00:06 (6.47 sec)   *****
// Found 2 benchmarks:
//   IoBenchmarks.PpmEncode1024: Jit(IterationCount=10, IterationTime=250ms, WarmupCount=8)
//   IoBenchmarks.PpmEncode1024: ShortRun(IterationCount=3, LaunchCount=1, WarmupCount=3)

// **************************
// Benchmark: IoBenchmarks.PpmEncode1024: Jit(IterationCount=10, IterationTime=250ms, WarmupCount=8)
// *** Execute ***
// Launch: 1 / 1
// Execute: dotnet GiBenchmarks-Jit-1.dll --anonymousPipes 133 134 --benchmarkName Benchmarks.IoBenchmarks.PpmEncode1024 --job Jit --benchmarkId 0 in /home/os/GitHub/grid-influence/benchmarks/bin/Release/net10.0/GiBenchmarks-Jit-1/bin/Release/net10.0
// Failed to set up high priority (Permission denied). In order to run benchmarks with high priority, make sure you have the right permissions.
// BeforeAnythingElse

// Benchmark Process Environment Information:
// BenchmarkDotNet v0.15.8
// Runtime=.NET 10.0.12 (10.0.12, 10.0.1226.42308), X64 RyuJIT x86-64-v4
// GC=Concurrent Workstation
// HardwareIntrinsics=AVX512 BITALG+VBMI2+VNNI+VPOPCNTDQ,AVX512 IFMA+VBMI,AVX512 F+BW+CD+DQ+VL,AVX2+BMI1+BMI2+F16C+FMA+LZCNT+MOVBE,AVX,SSE3+SSSE3+SSE4.1+SSE4.2+POPCNT,X86Base+SSE+SSE2,AES+PCLMUL VectorSize=256
// Job: Jit(IterationCount=10, IterationTime=250ms, WarmupCount=8)

OverheadJitting  1: 1 op, 153016.00 ns, 153.0160 us/op
WorkloadJitting  1: 1 op, 3625478.00 ns, 3.6255 ms/op

OverheadJitting  2: 16 op, 236435.00 ns, 14.7772 us/op
WorkloadJitting  2: 16 op, 61368607.00 ns, 3.8355 ms/op

WorkloadPilot    1: 16 op, 58169489.00 ns, 3.6356 ms/op
WorkloadPilot    2: 80 op, 282676131.00 ns, 3.5335 ms/op

OverheadWarmup   1: 80 op, 1300.00 ns, 16.2500 ns/op
OverheadWarmup   2: 80 op, 360.00 ns, 4.5000 ns/op
OverheadWarmup   3: 80 op, 350.00 ns, 4.3750 ns/op
OverheadWarmup   4: 80 op, 350.00 ns, 4.3750 ns/op
OverheadWarmup   5: 80 op, 350.00 ns, 4.3750 ns/op
OverheadWarmup   6: 80 op, 360.00 ns, 4.5000 ns/op
OverheadWarmup   7: 80 op, 340.00 ns, 4.2500 ns/op

OverheadActual   1: 80 op, 360.00 ns, 4.5000 ns/op
OverheadActual   2: 80 op, 389.00 ns, 4.8625 ns/op
OverheadActual   3: 80 op, 360.00 ns, 4.5000 ns/op
OverheadActual   4: 80 op, 370.00 ns, 4.6250 ns/op
OverheadActual   5: 80 op, 360.00 ns, 4.5000 ns/op
OverheadActual   6: 80 op, 320.00 ns, 4.0000 ns/op
OverheadActual   7: 80 op, 360.00 ns, 4.5000 ns/op
OverheadActual   8: 80 op, 331.00 ns, 4.1375 ns/op
OverheadActual   9: 80 op, 340.00 ns, 4.2500 ns/op
OverheadActual  10: 80 op, 330.00 ns, 4.1250 ns/op
OverheadActual  11: 80 op, 350.00 ns, 4.3750 ns/op
OverheadActual  12: 80 op, 340.00 ns, 4.2500 ns/op
OverheadActual  13: 80 op, 340.00 ns, 4.2500 ns/op
OverheadActual  14: 80 op, 350.00 ns, 4.3750 ns/op
OverheadActual  15: 80 op, 350.00 ns, 4.3750 ns/op
OverheadActual  16: 80 op, 370.00 ns, 4.6250 ns/op
OverheadActual  17: 80 op, 350.00 ns, 4.3750 ns/op

WorkloadWarmup   1: 80 op, 287336296.00 ns, 3.5917 ms/op
WorkloadWarmup   2: 80 op, 282750889.00 ns, 3.5344 ms/op
WorkloadWarmup   3: 80 op, 271426267.00 ns, 3.3928 ms/op
WorkloadWarmup   4: 80 op, 273235965.00 ns, 3.4154 ms/op
WorkloadWarmup   5: 80 op, 271138813.00 ns, 3.3892 ms/op
WorkloadWarmup   6: 80 op, 271720580.00 ns, 3.3965 ms/op
WorkloadWarmup   7: 80 op, 272654599.00 ns, 3.4082 ms/op
WorkloadWarmup   8: 80 op, 269905281.00 ns, 3.3738 ms/op

// BeforeActualRun
WorkloadActual   1: 80 op, 269422362.00 ns, 3.3678 ms/op
WorkloadActual   2: 80 op, 270580255.00 ns, 3.3823 ms/op
WorkloadActual   3: 80 op, 272927622.00 ns, 3.4116 ms/op
WorkloadActual   4: 80 op, 270519957.00 ns, 3.3815 ms/op
WorkloadActual   5: 80 op, 276353184.00 ns, 3.4544 ms/op
WorkloadActual   6: 80 op, 280401153.00 ns, 3.5050 ms/op
WorkloadActual   7: 80 op, 276061481.00 ns, 3.4508 ms/op
WorkloadActual   8: 80 op, 271863486.00 ns, 3.3983 ms/op
WorkloadActual   9: 80 op, 271406367.00 ns, 3.3926 ms/op
WorkloadActual  10: 80 op, 271135593.00 ns, 3.3892 ms/op

// AfterActualRun
WorkloadResult   1: 80 op, 269422012.00 ns, 3.3678 ms/op
WorkloadResult   2: 80 op, 270579905.00 ns, 3.3822 ms/op
WorkloadResult   3: 80 op, 272927272.00 ns, 3.4116 ms/op
WorkloadResult   4: 80 op, 270519607.00 ns, 3.3815 ms/op
WorkloadResult   5: 80 op, 276352834.00 ns, 3.4544 ms/op
WorkloadResult   6: 80 op, 280400803.00 ns, 3.5050 ms/op
WorkloadResult   7: 80 op, 276061131.00 ns, 3.4508 ms/op
WorkloadResult   8: 80 op, 271863136.00 ns, 3.3983 ms/op
WorkloadResult   9: 80 op, 271406017.00 ns, 3.3926 ms/op
WorkloadResult  10: 80 op, 271135243.00 ns, 3.3892 ms/op
// GC:  14 14 14 167792112 80
// Threading:  0 0 80

// AfterAll
// Benchmark Process 195994 has exited with code 0.

Mean = 3.413 ms, StdErr = 0.014 ms (0.40%), N = 10, StdDev = 0.043 ms
Min = 3.368 ms, Q1 = 3.384 ms, Median = 3.395 ms, Q3 = 3.441 ms, Max = 3.505 ms
IQR = 0.057 ms, LowerFence = 3.299 ms, UpperFence = 3.526 ms
ConfidenceInterval = [3.348 ms; 3.479 ms] (CI 99.9%), Margin = 0.065 ms (1.91% of Mean)
Skewness = 0.88, Kurtosis = 2.36, MValue = 2

// ** Remained 1 (50.0%) benchmark(s) to run. Estimated finish 2026-10-01 18:03 (0h 0m from now) **
// **************************
// Benchmark: IoBenchmarks.PpmEncode1024: ShortRun(IterationCount=3, LaunchCount=1, WarmupCount=3)
// *** Execute ***
// Launch: 1 / 1
// Execute: dotnet GiBenchmarks-Jit-1.dll --anonymousPipes 133 134 --benchmarkName Benchmarks.IoBenchmarks.PpmEncode1024 --job ShortRun --benchmarkId 1 in /home/os/GitHub/grid-influence/benchmarks/bin/Release/net10.0/GiBenchmarks-Jit-1/bin/Release/net10.0
// Failed to set up high priority (Permission denied). In order to run benchmarks with high priority, make sure you have the right permissions.
// BeforeAnythingElse

// Benchmark Process Environment Information:
// BenchmarkDotNet v0.15.8
// Runtime=.NET 10.0.12 (10.0.12, 10.0.1226.42308), X64 RyuJIT x86-64-v4
// GC=Concurrent Workstation
// HardwareIntrinsics=AVX512 BITALG+VBMI2+VNNI+VPOPCNTDQ,AVX512 IFMA+VBMI,AVX512 F+BW+CD+DQ+VL,AVX2+BMI1+BMI2+F16C+FMA+LZCNT+MOVBE,AVX,SSE3+SSSE3+SSE4.1+SSE4.2+POPCNT,X86Base+SSE+SSE2,AES+PCLMUL VectorSize=256
// Job: ShortRun(IterationCount=3, LaunchCount=1, WarmupCount=3)

OverheadJitting  1: 1 op, 165396.00 ns, 165.3960 us/op
WorkloadJitting  1: 1 op, 3659257.00 ns, 3.6593 ms/op

OverheadJitting  2: 16 op, 213105.00 ns, 13.3191 us/op
WorkloadJitting  2: 16 op, 61092822.00 ns, 3.8183 ms/op

WorkloadPilot    1: 16 op, 58105421.00 ns, 3.6316 ms/op
WorkloadPilot    2: 32 op, 114637947.00 ns, 3.5824 ms/op
WorkloadPilot    3: 64 op, 233612605.00 ns, 3.6502 ms/op
WorkloadPilot    4: 128 op, 436230325.00 ns, 3.4080 ms/op
WorkloadPilot    5: 256 op, 862850977.00 ns, 3.3705 ms/op

OverheadWarmup   1: 256 op, 1780.00 ns, 6.9531 ns/op
OverheadWarmup   2: 256 op, 760.00 ns, 2.9688 ns/op
OverheadWarmup   3: 256 op, 770.00 ns, 3.0078 ns/op
OverheadWarmup   4: 256 op, 750.00 ns, 2.9297 ns/op
OverheadWarmup   5: 256 op, 770.00 ns, 3.0078 ns/op
OverheadWarmup   6: 256 op, 730.00 ns, 2.8516 ns/op

OverheadActual   1: 256 op, 780.00 ns, 3.0469 ns/op
OverheadActual   2: 256 op, 780.00 ns, 3.0469 ns/op
OverheadActual   3: 256 op, 760.00 ns, 2.9688 ns/op
OverheadActual   4: 256 op, 780.00 ns, 3.0469 ns/op
OverheadActual   5: 256 op, 640.00 ns, 2.5000 ns/op
OverheadActual   6: 256 op, 560.00 ns, 2.1875 ns/op
OverheadActual   7: 256 op, 540.00 ns, 2.1094 ns/op
OverheadActual   8: 256 op, 550.00 ns, 2.1484 ns/op
OverheadActual   9: 256 op, 550.00 ns, 2.1484 ns/op
OverheadActual  10: 256 op, 530.00 ns, 2.0703 ns/op
OverheadActual  11: 256 op, 551.00 ns, 2.1523 ns/op
OverheadActual  12: 256 op, 550.00 ns, 2.1484 ns/op
OverheadActual  13: 256 op, 540.00 ns, 2.1094 ns/op
OverheadActual  14: 256 op, 550.00 ns, 2.1484 ns/op
OverheadActual  15: 256 op, 750.00 ns, 2.9297 ns/op
OverheadActual  16: 256 op, 790.00 ns, 3.0859 ns/op
OverheadActual  17: 256 op, 790.00 ns, 3.0859 ns/op
OverheadActual  18: 256 op, 800.00 ns, 3.1250 ns/op
OverheadActual  19: 256 op, 731.00 ns, 2.8555 ns/op
OverheadActual  20: 256 op, 740.00 ns, 2.8906 ns/op

WorkloadWarmup   1: 256 op, 857900009.00 ns, 3.3512 ms/op
WorkloadWarmup   2: 256 op, 880789940.00 ns, 3.4406 ms/op
WorkloadWarmup   3: 256 op, 859833065.00 ns, 3.3587 ms/op

// BeforeActualRun
WorkloadActual   1: 256 op, 881409916.00 ns, 3.4430 ms/op
WorkloadActual   2: 256 op, 866715379.00 ns, 3.3856 ms/op
WorkloadActual   3: 256 op, 893107889.00 ns, 3.4887 ms/op

// AfterActualRun
WorkloadResult   1: 256 op, 881409230.50 ns, 3.4430 ms/op
WorkloadResult   2: 256 op, 866714693.50 ns, 3.3856 ms/op
WorkloadResult   3: 256 op, 893107203.50 ns, 3.4887 ms/op
// GC:  49 49 49 536937480 256
// Threading:  0 0 256

// AfterAll
// Benchmark Process 196072 has exited with code 0.

Mean = 3.439 ms, StdErr = 0.030 ms (0.87%), N = 3, StdDev = 0.052 ms
Min = 3.386 ms, Q1 = 3.414 ms, Median = 3.443 ms, Q3 = 3.466 ms, Max = 3.489 ms
IQR = 0.052 ms, LowerFence = 3.337 ms, UpperFence = 3.543 ms
ConfidenceInterval = [2.497 ms; 4.382 ms] (CI 99.9%), Margin = 0.942 ms (27.40% of Mean)
Skewness = -0.08, Kurtosis = 0.67, MValue = 2

// ** Remained 0 (0.0%) benchmark(s) to run. Estimated finish 2026-10-01 18:03 (0h 0m from now) **
// ***** BenchmarkRunner: Finish  *****

// * Export *
  BenchmarkDotNet.Artifacts/results/Benchmarks.IoBenchmarks-report.csv
  BenchmarkDotNet.Artifacts/results/Benchmarks.IoBenchmarks-report-github.md
  BenchmarkDotNet.Artifacts/results/Benchmarks.IoBenchmarks-report.html
  BenchmarkDotNet.Artifacts/results/Benchmarks.IoBenchmarks-report-full.json

// * Detailed results *
IoBenchmarks.PpmEncode1024: Jit(IterationCount=10, IterationTime=250ms, WarmupCount=8)
Runtime = .NET 10.0.12 (10.0.12, 10.0.1226.42308), X64 RyuJIT x86-64-v4; GC = Concurrent Workstation
Mean = 3.413 ms, StdErr = 0.014 ms (0.40%), N = 10, StdDev = 0.043 ms
Min = 3.368 ms, Q1 = 3.384 ms, Median = 3.395 ms, Q3 = 3.441 ms, Max = 3.505 ms
IQR = 0.057 ms, LowerFence = 3.299 ms, UpperFence = 3.526 ms
ConfidenceInterval = [3.348 ms; 3.479 ms] (CI 99.9%), Margin = 0.065 ms (1.91% of Mean)
Skewness = 0.88, Kurtosis = 2.36, MValue = 2
-------------------- Histogram --------------------
[3.356 ms ; 3.531 ms) | @@@@@@@@@@
---------------------------------------------------

IoBenchmarks.PpmEncode1024: ShortRun(IterationCount=3, LaunchCount=1, WarmupCount=3)
Runtime = .NET 10.0.12 (10.0.12, 10.0.1226.42308), X64 RyuJIT x86-64-v4; GC = Concurrent Workstation
Mean = 3.439 ms, StdErr = 0.030 ms (0.87%), N = 3, StdDev = 0.052 ms
Min = 3.386 ms, Q1 = 3.414 ms, Median = 3.443 ms, Q3 = 3.466 ms, Max = 3.489 ms
IQR = 0.052 ms, LowerFence = 3.337 ms, UpperFence = 3.543 ms
ConfidenceInterval = [2.497 ms; 4.382 ms] (CI 99.9%), Margin = 0.942 ms (27.40% of Mean)
Skewness = -0.08, Kurtosis = 0.67, MValue = 2
-------------------- Histogram --------------------
[3.339 ms ; 3.419 ms) | @
[3.419 ms ; 3.513 ms) | @@
---------------------------------------------------

// * Summary *

BenchmarkDotNet v0.15.8, Linux Omarchy
AMD Ryzen 5 8500G w/ Radeon 740M Graphics 2.38GHz, 1 CPU, 12 logical and 6 physical cores
.NET SDK 10.0.401
  [Host]   : .NET 10.0.12 (10.0.12, 10.0.1226.42308), X64 RyuJIT x86-64-v4
  Jit      : .NET 10.0.12 (10.0.12, 10.0.1226.42308), X64 RyuJIT x86-64-v4
  ShortRun : .NET 10.0.12 (10.0.12, 10.0.1226.42308), X64 RyuJIT x86-64-v4


| Method        | Job      | IterationCount | IterationTime | LaunchCount | WarmupCount | Mean     | Error     | StdDev    | Median   | Gen0     | Gen1     | Gen2     | Allocated |
|-------------- |--------- |--------------- |-------------- |------------ |------------ |---------:|----------:|----------:|---------:|---------:|---------:|---------:|----------:|
| PpmEncode1024 | Jit      | 10             | 250ms         | Default     | 8           | 3.413 ms | 0.0653 ms | 0.0432 ms | 3.395 ms | 175.0000 | 175.0000 | 175.0000 |      2 MB |
| PpmEncode1024 | ShortRun | 3              | Default       | 1           | 3           | 3.439 ms | 0.9424 ms | 0.0517 ms | 3.443 ms | 191.4063 | 191.4063 | 191.4063 |      2 MB |

// * Legends *
  Mean      : Arithmetic mean of all measurements
  Error     : Half of 99.9% confidence interval
  StdDev    : Standard deviation of all measurements
  Median    : Value separating the higher half of all measurements (50th percentile)
  Gen0      : GC Generation 0 collects per 1000 operations
  Gen1      : GC Generation 1 collects per 1000 operations
  Gen2      : GC Generation 2 collects per 1000 operations
  Allocated : Allocated memory per single operation (managed only, inclusive, 1KB = 1024B)
  1 ms      : 1 Millisecond (0.001 sec)

// * Diagnostic Output - MemoryDiagnoser *


// ***** BenchmarkRunner: End *****
Run time: 00:00:13 (13.81 sec), executed benchmarks: 2

Global total time: 00:00:20 (20.35 sec), executed benchmarks: 2
// * Artifacts cleanup *
Artifacts cleanup is finished
